[TypeError, "no implicit conversion of true into Integer"]
[TypeError, "no implicit conversion of false into Integer"]
RK[TypeError, "no implicit conversion of false into Integer"]
[TypeError, "no implicit conversion of true into Integer"]
[TypeError, "no implicit conversion of false into Integer"]
[TypeError, "no implicit conversion of true into Integer"]
[TypeError, "no implicit conversion of false into Integer"]
