NoMethodError: protected method 'members' called for an instance of Lobby
NoMethodError: private method 'secret' called for an instance of Lobby
NoMethodError: protected method 'members' called for an instance of Lobby
8
7
[7, 8]
NoMethodError: undefined method 'members' for an instance of Hall
NoMethodError: undefined method 'secret' for an instance of Hall
[:x]
9
10
NoMethodError: undefined method 'members' for an instance of Annex
NoMethodError: undefined method 'secret' for an instance of Annex
11
11
[4]
[4]
