[7, q, 2, 70]
[7, q, 3, 70]
[:arr, true, [:@mark]]
[:hash, true, [:@mark]]
[:obj, true, [:@mark]]
[:rng, true, [:@mark]]
"can't modify frozen Integer: 5"
"can't modify frozen Symbol: :sym"
"can't modify frozen Array: [3]"
[true, true, [:@mark]]
5
5
[5, true, [:@mark]]
nil
[7, true, [:@mark, :@x]]
6
[:o, [:@mark, :@other, :@x]]
[2, [:@other]]
3
3
4
["s", true, [:@mark]]
[1, true, [:@mark]]
[:v, true, [:@mark]]
[1, true, [:@mark]]
1
1
1
true
[:@ok]
NameError
NameError
NameError
[]
NameError
NameError
NameError
[]
1
1
true
[:@sym]
TypeError
