[]
0
true
nil
true
[]
2
0
1
0
[5]
[[1, 2], [5], [3], []]
[]
[[1, 2], [5], [3], [0]]
[1, 2]
[5, nil]
[3, nil]
[0, nil]
[0, nil]
[3, nil]
[5, nil]
[1, 2]
[]
0
2
[1, 2]
[nil, nil]
[3, 4]
0
2
[]
[]
0
0
0
[1, 2]
[nil, nil]
[3, 4]
[]
0
[[1, 2], [7], [3, 4]]
"[[], [1, 2], [3, 4], []]"
0
0
[]
[3, 4]
2
5
3
7
