#<Encoding:BINARY (ASCII-8BIT)>
#<Encoding:UTF-8>
#<Encoding:BINARY (ASCII-8BIT)>
#<Encoding:BINARY (ASCII-8BIT)>
#<Encoding:US-ASCII>
ASCII-8BIT
ASCII-8BIT
#<Encoding:BINARY (ASCII-8BIT)>
"#<Encoding:BINARY (ASCII-8BIT)>"
[#<Encoding:BINARY (ASCII-8BIT)>, #<Encoding:UTF-8>]
#<Encoding:BINARY (ASCII-8BIT)> ASCII-8BIT
