-- Array
each_cons: [[3, 1], [1, 2]]
each_slice: [[3, 1], [2]]
each_with_index: [[3, 0], [1, 1], [2, 2]]
each_entry: [3, 1, 2]
reverse_each: [2, 1, 3]
take: [3]
first: [3]
drop: [1, 2]
min: [1]
max: [3]
-- Hash
each_cons: [[[:a, 1], [:b, 2]]]
each_slice: [[[:a, 1], [:b, 2]]]
each_with_index: [[[:a, 1], 0], [[:b, 2], 1]]
each_entry: [[:a, 1], [:b, 2]]
reverse_each: [[:b, 2], [:a, 1]]
take: [[:a, 1]]
first: [[:a, 1]]
drop: [[:b, 2]]
min: [[:a, 1]]
max: [[:b, 2]]
-- Range
each_cons: [[1, 2], [2, 3]]
each_slice: [[1, 2], [3]]
each_with_index: [[1, 0], [2, 1], [3, 2]]
each_entry: [1, 2, 3]
reverse_each: [3, 2, 1]
take: [1]
first: [1]
drop: [2, 3]
min: [1]
max: [3]
-- Pt
each_cons: [[5, 6]]
each_slice: [[5, 6]]
each_with_index: [[5, 0], [6, 1]]
each_entry: [5, 6]
reverse_each: [6, 5]
take: [5]
first: [5]
drop: [6]
min: [5]
max: [6]
-- Bag
each_cons: [[3, 1], [1, 2]]
each_slice: [[3, 1], [2]]
each_with_index: [[3, 0], [1, 1], [2, 2]]
each_entry: [3, 1, 2]
reverse_each: [2, 1, 3]
take: [3]
first: [3]
drop: [1, 2]
min: [1]
max: [3]
-- Enumerator
each_cons: [[4, 5]]
each_slice: [[4, 5]]
each_with_index: [[4, 0], [5, 1]]
each_entry: [4, 5]
reverse_each: [5, 4]
take: [4]
first: [4]
drop: [5]
min: [4]
max: [5]
-- NilClass
each_cons: undefined method 'each_cons' for nil
each_slice: undefined method 'each_slice' for nil
each_with_index: undefined method 'each_with_index' for nil
each_entry: undefined method 'each_entry' for nil
reverse_each: undefined method 'reverse_each' for nil
take: undefined method 'take' for nil
first: undefined method 'first' for nil
drop: undefined method 'drop' for nil
min: undefined method 'min' for nil
max: undefined method 'max' for nil
-- Integer
each_cons: undefined method 'each_cons' for an instance of Integer
each_slice: undefined method 'each_slice' for an instance of Integer
each_with_index: undefined method 'each_with_index' for an instance of Integer
each_entry: undefined method 'each_entry' for an instance of Integer
reverse_each: undefined method 'reverse_each' for an instance of Integer
take: undefined method 'take' for an instance of Integer
first: undefined method 'first' for an instance of Integer
drop: undefined method 'drop' for an instance of Integer
min: undefined method 'min' for an instance of Integer
max: undefined method 'max' for an instance of Integer
-- Symbol
each_cons: undefined method 'each_cons' for an instance of Symbol
each_slice: undefined method 'each_slice' for an instance of Symbol
each_with_index: undefined method 'each_with_index' for an instance of Symbol
each_entry: undefined method 'each_entry' for an instance of Symbol
reverse_each: undefined method 'reverse_each' for an instance of Symbol
take: undefined method 'take' for an instance of Symbol
first: undefined method 'first' for an instance of Symbol
drop: undefined method 'drop' for an instance of Symbol
min: undefined method 'min' for an instance of Symbol
max: undefined method 'max' for an instance of Symbol
-- String
each_cons: undefined method 'each_cons' for an instance of String
each_slice: undefined method 'each_slice' for an instance of String
each_with_index: undefined method 'each_with_index' for an instance of String
each_entry: undefined method 'each_entry' for an instance of String
reverse_each: undefined method 'reverse_each' for an instance of String
take: undefined method 'take' for an instance of String
first: undefined method 'first' for an instance of String
drop: undefined method 'drop' for an instance of String
min: undefined method 'min' for an instance of String
max: undefined method 'max' for an instance of String
-- Nope
each_cons: undefined method 'each_cons' for an instance of Nope
each_slice: undefined method 'each_slice' for an instance of Nope
each_with_index: undefined method 'each_with_index' for an instance of Nope
each_entry: undefined method 'each_entry' for an instance of Nope
reverse_each: undefined method 'reverse_each' for an instance of Nope
take: undefined method 'take' for an instance of Nope
first: undefined method 'first' for an instance of Nope
drop: undefined method 'drop' for an instance of Nope
min: undefined method 'min' for an instance of Nope
max: undefined method 'max' for an instance of Nope
