6
TypeError: no implicit conversion from nil to integer
nil
TypeError: no implicit conversion from nil to integer
4
8
1.5
TypeError: no implicit conversion to float from nil
nil
TypeError: no implicit conversion to float from nil
5.0
2.5
7
TypeError: no implicit conversion from nil to integer
1.5
TypeError: no implicit conversion to float from nil
TypeError: no implicit conversion from nil to integer
TypeError: no implicit conversion from nil to integer
TypeError: no implicit conversion to float from nil
