nil
NoMethodError
TypeError
NoMethodError
NoMethodError
NoMethodError
0.0
NoMethodError
ArgumentError
true
nil
1.5
2.5
2.5
3.0
-1.5
1.5
1.5
true
true
false
1.5
nil
0.0
nil
nil
true
NoMethodError
NoMethodError
2.5
2.5
nil
NoMethodError
4.5
nil
nil
NoMethodError
NoMethodError
5.5
5.5
1.5
false
0.5
nil
true
NoMethodError
NaN
true
false
NaN
NaN
NaN
true
NaN
true
false
NaN
NaN
NaN
true
NaN
true
false
NaN
NaN
NaN
true
0.0
0.0
