e: 1.5..
b: ..2.5
n: 1.5..
m: ..2.5
x: ...2.5
e include: true
b include: true
x include: false
e cover: false
b ===: true
e begin: 1.5
e end: nil
b begin: nil
b end: 2.5
e first: 1.5
b first: RangeError: cannot get the first element of beginless range
e min: 1.5
b max: 2.5
x max: TypeError: cannot exclude non Integer end value
e max: RangeError: cannot get the maximum of endless range
b min: RangeError: cannot get the minimum of beginless range
e last: RangeError: cannot get the last element of endless range
e each: TypeError: can't iterate from Float
b each: TypeError: can't iterate from NilClass
e to_a: RangeError: cannot convert endless range to an array
b to_a: TypeError: can't iterate from NilClass
e size: TypeError: can't iterate from Float
b size: TypeError: can't iterate from NilClass
e count: Infinity
b count: Infinity
e sum: TypeError: can't iterate from Float
e ==: true
e eql: true
e hash eq: true
e exclude_end: false
x exclude_end: true
e to_s: "1.5.."
b to_s: "..2.5"
e minmax: RangeError: cannot get the maximum of endless range
clamp: 9.0
clamp b: 2.5
e step: [1.5, 2.0, 2.5]
e bsearch: 10.0
b bsearch: 1.0
ib size: TypeError: can't iterate from NilClass
ib count: Infinity
ie size: Infinity
ie count: Infinity
ib count blk: TypeError
i size: 3
i count: 2
var bsearch: 1.4142135623730951
var any: 2.5
nil
nil
nil
2.0
1.5
-Infinity
-Infinity
nil
nil
nil
nil
nil
2.0
2.9990234375
Infinity
nil
100.0
3.0
1.0
endless: [1.5, 2.0, 2.5, 3.0]
endless int step: [-5.0, -3.0, -1.0, 1.0, 3.0]
endless excl: [-5.0, -3.0, -1.0, 1.0, 3.0]
inf end: [1.0, 3.0, 5.0]
bounded: [1.5, 2.0, 2.5, 3.0]
bounded excl: [1.0, 1.25, 1.5, 1.75]
tenth: [1.0, 1.1, 1.2, 1.3, 1.4, 1.5, 1.6, 1.7000000000000002, 1.8, 1.9, 2.0]
zero: ArgumentError: step can't be 0
beginless: ArgumentError: #step iteration for beginless ranges is meaningless
break value: 2.5
