{"a" => 1}
{"b" => 2}
{"c" => 3}
{"b" => 2, "c" => 3}
["b1", "c2"]
[["a", 1], 10]
[["b", 2], 11]
[["c", 3], 12]
{"a" => 10, "b" => 21, "c" => 32}
{"a0" => 1, "b1" => 2, "c2" => 3}
[20, 30]
{"a" => 1, "c" => 3}
3
{"b" => 2}
{"c" => 3}
{"a" => 10, "b" => 20, "c" => 30}
{"a0" => 1, "b1" => 2, "c2" => 3}
{"a" => 10, "b" => 22, "c" => 36}
42
{"a" => 0, "b" => 1, "c" => 2}
{"a" => 1}
