[{x: 1}, nil, nil]
[{3 => 4}, 0]
[{"c" => "d"}, "dflt"]
[{z: "q"}, "abab"]
[{"t" => [2]}, ["u"]]
[{2 => 3}, :dd]
[{k: 1}, nil]
true
nil
[{a: 10, b: 20}, 7, 7]
[{a: 10, b: 20}, "zzzz"]
[{c: 1, b: 2}, 7, 7]
[{c: 1, b: 2}, "zzzz"]
[{a: 1}, 7, 7]
[{a: 1}, "zzzz"]
[{b: 2}, 7, 7]
[{b: 2}, "zzzz"]
[{a: 1}, 7, 7]
[{a: 1}, "zzzz"]
[{a: 1}, 7, 7]
[{a: 1}, "zzzz"]
[{b: 2}, 7, 7]
[{b: 2}, "zzzz"]
[{a: 1}, 7, 7]
[{a: 1}, "zzzz"]
[{a: 10, b: 2, c: 3}, 7, 7]
[{a: 10, b: 2, c: 3}, "zzzz"]
