"Class can't be coerced into Integer"
"Module can't be coerced into Integer"
"Class can't be coerced into Integer"
"no implicit conversion of Class into Integer"
"no implicit conversion of Module into Integer"
"Class can't be coerced into Integer"
"no implicit conversion of Class into Integer"
"uninitialized constant Zork"
"uninitialized constant Regexp::Missing"
"Class can't be coerced into Integer"
"Class can't be coerced into Integer"
"no implicit conversion of Class into Integer"
2
7
