["one\n", "two\r\n", "\n", "three;four\n", "five"]
["one", "two", "", "three;four", "five"]
["one\ntwo\r\n\nthree;", "four\nfive"]
["one", "\n", "two", "\r\n", "\n", "thr", "ee;", "fou", "r\n", "fiv", "e"]
["o", "ne", "\nt", "wo", "\r\n", "\nt", "hr", "ee", ";f", "o", "ur", "\nf", "iv", "e"]
["", "ne", "\nt", "w", "\r\n", "\nt", "hr", "ee", ";f", "", "ur", "\nf", "iv", "e"]
["one\ntwo\r\n\n", "three;four\nfive"]
["one\ntwo\r\n\nthree;four\nfive"]
["one\n", "two\r", "\n\nth", "ree;", "four", "\nfiv", "e"]
["one\ntwo\r\n\nthree;", "four\nfive"]
["", "ne\ntw", "\r\n\nthree;f", "ur\nfive"]
["one\n", "two\r", "\n", "\n", "thre", "e;fo", "ur\n", "five"]
["one\ntwo\r\n\nthree", "four\nfive"]
["on", "e\n", "tw", "o\r", "\n\n", "th", "re", "e;", "fo", "ur", "\nf", "iv", "e"]
["one", "two", "", "three;four", "five"]
["one\n", "two\r\n", "\n", "three;four\n", "five"]
["one", "two", "", "three;four", "five"]
["one\ntwo\r\n\nthree", "four\nfive"]
[ArgumentError, "wrong number of arguments (given 3, expected 0..2)"]
[ArgumentError, "invalid limit: 0 for each_line"]
[TypeError, "no implicit conversion of Symbol into Integer"]
[TypeError, "no implicit conversion of String into Integer"]
[TypeError, "no implicit conversion of String into Integer"]
[ArgumentError, "invalid limit: 0 for each_line"]
[ArgumentError, "invalid limit: 0 for each_line"]
[ArgumentError, "invalid limit: 0 for each_line"]
[ArgumentError, "invalid limit: 0 for each_line"]
[ArgumentError, "invalid limit: 0 for each_line"]
["one\n", "two\r\n", "\n", "three;four\n", "five"]
