["ab", "c\n", "de", "f\n", "\n", "xy", "\n"]
["abc\ndef\n\nxy\n"]
["ab", "c\n", "de", "f\n", "\nx", "y\n"]
["abc\nd", "ef\n\nx", "y\n"]
["abc\nde", "f\n\nxy\n"]
["abc\n", "def\n", "\n", "xy\n"]
[ArgumentError, "invalid limit: 0 for readlines"]
["abc", "", "def", "", "", "xy"]
["abc\n", "def\n", "xy\n"]
["abc\nd", "ef\n\nxy\n"]
["abc", "\n", "def", "\n", "\n", "xy\n"]
["abc", "\nd", "ef\n", "\nxy", "\n"]
[TypeError, "no implicit conversion of Symbol into Integer"]
["a", "b", "c", "\n", "d", "e", "f", "\n", "\n", "x", "y", "\n"]
[TypeError, "no implicit conversion of Integer into String"]
[TypeError, "no implicit conversion of Array into Integer"]
["ab", "c\n", "de", "f\n", "\n", "xy", "\n"]
["abc", "\nd", "f\n\n", "xy\n"]
"wrong number of arguments (given 3, expected 0..2)"
"private method 'readlines' called for nil"
