nil: comparison of Integer with nil failed
true: comparison of Integer with true failed
false: comparison of Integer with false failed
sym: comparison of Integer with :a failed
str: comparison of Integer with String failed
float: comparison of Float with nil failed
neg: comparison of Integer with nil failed
rational: comparison of Rational with nil failed
imag: comparison of Complex with nil failed
regexp: comparison of Integer with Regexp failed
range: comparison of Range with 1 failed
array: comparison of Array with 1 failed
hash: comparison of Hash with 1 failed
interp: comparison of String with 1 failed
const: comparison of Float with 1 failed
var: comparison of NilClass with 1 failed
var-min: comparison of NilClass with 1 failed
min: comparison of Integer with nil failed
min-str: comparison of String with 1 failed
