1
ArgumentError: comparison of NilClass with 1 failed
ArgumentError: comparison of NilClass with 1 failed
ArgumentError: comparison of Integer with nil failed
ArgumentError: comparison of NilClass with 2 failed
ArgumentError: comparison of NilClass with 3 failed
ArgumentError: comparison of Integer with nil failed
ArgumentError: comparison of Integer with nil failed
ArgumentError: comparison of NilClass with 2.5 failed
ArgumentError: comparison of Float with nil failed
ArgumentError: comparison of Integer with String failed
ArgumentError: comparison of Integer with String failed
ArgumentError: comparison of Integer with String failed
ArgumentError: comparison of Integer with String failed
ArgumentError: comparison of NilClass with 1 failed
ArgumentError: comparison of NilClass with 1 failed
ArgumentError: comparison of NilClass with 1 failed
ArgumentError: comparison of NilClass with 1 failed
ArgumentError: comparison of String with 1 failed
ArgumentError: comparison of String with 1 failed
ArgumentError: comparison of String with 1 failed
ArgumentError: comparison of Integer with nil failed
ArgumentError: comparison of NilClass with 1 failed
[1]
[1.0]
[1]
[3, 2, 1]
[9, 8]
[0, 1, 2]
ArgumentError: negative size (-1)
ArgumentError: negative size (-2)
