[[1, 2], "wrong number of arguments (given 2, expected 1)"]
[[1, 2, 3], "wrong number of arguments (given 1, expected 2)"]
[[1, 2, 3, 4], "wrong number of arguments (given 1, expected 0)"]
[[1, 2, 3, 4, 5, 6, 7], "wrong number of arguments (given 3, expected 1..2)"]
[[1, 2, 3, 4, 5, 6, 7, [8], "s"], "wrong number of arguments (given 2, expected 1)"]
[[1, 2, 3, 4, 5, 6, 7, [8], "s"], "wrong number of arguments (given 0, expected 2)"]
K4
10
