[true, false, NilClass]
[true, false, NilClass]
[true, false, NilClass]
[true, false, NilClass]
[true, false, NilClass]
[true, false, NilClass]
[true, false, NilClass]
[true, false, NilClass]
[true, false, NilClass]
[false, true, Thread::Mutex]
[false, true, Random]
[false, true, Thread]
[false, true, Thread::Queue]
[false, true, Thread::ConditionVariable]
[false, true, Enumerator]
[false, true, OpenStruct]
[false, true, Dir]
[false, true, String]
