[]
{}
[]
{}
[[], {}]
[]
{}
[]
{}
0
true
true
0
true
true
[[], []]
{}
0
0
true
Array
Hash
[]
0
[[], {}]
[] {}
[3]
["a"]
[1.5]
[3, "s", :t]
1
2
3
1
["a"]
[1]
[1]
[]
[1]
[2]
[3]
[]
{}
[]
{}
[]
[]
{}
[]
[]
{}
hash
lg 1
lg seq
lg 2
[1, [], 2]
lg 3
lg seq
lg 4
3
{}
4
lg before
lg 7
0
7
[1, 2]
[]
"s"
nil
[]
