t0
1700000000
n0
a0,b0
s0
t1
1700000001
n1
a1,b1
s1
t2
1700000002
n2
a2,b2
s2
[["a0", "b0"], ["p0"]]
["v0", "w0"]
[["a1", "b1"], ["p1"]]
["v1", "w1"]
["k0", 7]
["k1", 7]
["g0", 8]
["g1", 8]
["h0", 1]
["q0", 1]
["h1", 1]
["q1", 1]
["a0", "z0", ["e0"]]
["a1", "z1", ["e1"]]
["m0", "d"]
["o0", "d"]
["f0", "d"]
["u0", 1]
["x0", 1]
["m1", "d"]
["o1", "d"]
["f1", "d"]
["u1", 1]
["x1", 1]
v0
v1
