"qnilnilnil"
"qnilnilnil"
"q12nil"
"r0"
"r1"
"r2"
"1"
"1"
"wrong number of arguments (given 2, expected 0..1)"
"\"str\""
"\"str\""
"wrong number of arguments (given 2, expected 0..1)"
"[1,2]"
"[1,2]"
"wrong number of arguments (given 2, expected 0..1)"
"{\"k\":1}"
"{\"k\":1}"
"wrong number of arguments (given 2, expected 0..1)"
"null"
"null"
"wrong number of arguments (given 2, expected 0..1)"
"\"s1\""
"qnilnilnil"
"[1,\"a\"]"
