+=: TypeError
-=: TypeError
*=: TypeError
/=: TypeError
%=: TypeError
|=: TypeError
&=: TypeError
^=: TypeError
<<=: TypeError
>>=: TypeError
ok+=: 2
f+=: TypeError
f*=: TypeError
fok: 2.5
@v+=: TypeError
@f+=: TypeError
@p|=: TypeError
@p|=ok: 3
o.v+=: TypeError
o.v|=: TypeError
o.f+=: TypeError
a[0]+=: TypeError
a[0]|=: TypeError
a[0]<<=: TypeError
