"wrong number of arguments (given 0, expected 1)"
"wrong number of arguments (given 3, expected 1)"
"wrong number of arguments (given 2, expected 1)"
"wrong number of arguments (given 2, expected 1)"
2
"wrong number of arguments (given 0, expected 1..2)"
"wrong number of arguments (given 3, expected 1..2)"
2
