integer
true
false
true
false
true
false
false
true
true
true
float
true
false
true
false
true
false
false
true
true
true
endless
true
false
true
false
true
false
false
true
true
true
beginless
true
false
true
false
true
false
false
true
true
true
string
true
false
true
false
true
false
false
true
true
true
new_integer
true
false
true
false
true
false
false
true
true
true
new_float
true
false
true
false
true
false
false
true
true
true
new_endless
true
false
true
false
true
false
false
true
true
true
new_beginless
true
false
true
false
true
false
false
true
true
true
new_string
true
false
true
false
true
false
false
true
true
true
boxed
true
false
true
false
true
false
false
true
true
true
true
false
true
false
true
false
false
true
true
true
true
false
true
false
true
false
false
true
true
true
true
false
true
false
true
false
false
true
true
true
true
false
true
false
true
false
false
true
true
true
true
false
true
false
true
false
false
true
true
true
boxed copies
false
true
false
true
false
true
false
true
false
true
false
true
false
true
false
true
false
true
false
true
typed freeze
true
true
true
range flags
false
"1...2.5"
true
true
"1...2.5"
false
"1.5..3"
false
true
"1.5..3"
false
"1.5...3"
true
true
"1.5...3"
false
"...2.5"
true
true
"...2.5"
false
"1.5..."
true
true
"1.5..."
false
"\"a\"...\"d\""
true
true
"\"a\"...\"d\""
integer slots
false
true
false
true
false
true
false
true
false
true
float slots
false
true
false
true
false
true
false
true
false
true
string slots
false
true
false
true
false
true
false
true
false
true
true
false
true
true
false
true
true
false
true
6
boxed slots
false
true
false
true
false
true
false
true
false
true
false
true
false
true
false
true
false
true
