-- Float
empty min: nil
empty max: nil
point excl min: nil
point excl max: TypeError: cannot exclude non Integer end value
empty excl max: nil
excl max: TypeError: cannot exclude non Integer end value
min: 1.0
max: 2.0
-- String
min: "a"
max: "e"
excl min: "a"
excl max: "d"
empty min: nil
empty max: nil
point excl min: nil
point excl max: nil
beginless max: "e"
beginless min: RangeError: cannot get the minimum of beginless range
endless min: "a"
endless max: RangeError: cannot get the maximum of endless range
longer end max: "zz"
shorter end min: nil
-- boxed
3.0..1.0 min: nil
3.0..1.0 max: nil
1.0...1.0 min: nil
1.0...1.0 max: TypeError: cannot exclude non Integer end value
"e".."a" min: nil
"e".."a" max: nil
"a"..."e" min: "a"
"a"..."e" max: "d"
.."e" min: RangeError: cannot get the minimum of beginless range
.."e" max: "e"
"a".. min: "a"
"a".. max: RangeError: cannot get the maximum of endless range
1.. min: 1
1.. max: RangeError: cannot get the maximum of endless range
..3 min: RangeError: cannot get the minimum of beginless range
..3 max: 3
5..1 min: nil
5..1 max: nil
1...1 min: nil
1...1 max: nil
1..4 min: 1
1..4 max: 4
