1.5..3.0 minmax: [1.5, 3.0]
1.5..3.0 minmax rev: TypeError: can't iterate from Float
...2.5 minmax: TypeError: cannot exclude non Integer end value
...2.5 minmax rev: TypeError: can't iterate from NilClass
1.5.. minmax: RangeError: cannot get the maximum of endless range
1.5.. minmax rev: TypeError: can't iterate from Float
3.0..1.0 minmax: [nil, nil]
3.0..1.0 minmax rev: TypeError: can't iterate from Float
..3 minmax: RangeError: cannot get the minimum of beginless range
..3 minmax rev: TypeError: can't iterate from NilClass
1..4 minmax: [1, 4]
1..4 minmax rev: [4, 1]
5..1 minmax: [nil, nil]
5..1 minmax rev: [nil, nil]
"a".."e" minmax: ["a", "e"]
"a".."e" minmax rev: ["e", "a"]
"a"..."e" minmax: ["a", "d"]
"a"..."e" minmax rev: ["d", "a"]
"e".."a" minmax: [nil, nil]
"e".."a" minmax rev: [nil, nil]
[3, 1, 2] minmax: [1, 3]
[3, 1, 2] minmax rev: [3, 1]
{b: 1, a: 2} minmax: [[:a, 2], [:b, 1]]
[1, 10]
[1.0, 2.0]
["a", "e"]
[1, 3]
-- typed
fbl: TypeError: cannot exclude non Integer end value
fempty: [nil, nil]
fx: TypeError: cannot exclude non Integer end value
sendless: RangeError: cannot get the maximum of endless range
sx: ["a", "d"]
