IndexError: undefined group name reference: y
IndexError: undefined group name reference: y
nil
IndexError: undefined group name reference: y
IndexError: undefined group name reference: y
"Wo"
IndexError: undefined group name reference: y
"Wo"
IndexError: undefined group name reference: x
IndexError: undefined group name reference: y
nil
"Wo"
