[1, {"s" => 2}]
[1, {"s" => 2}]
[1, {"s" => 2}]
[2, {"s" => [3, 4], sym: 5, 6 => :integer_key}]
[2, {"s" => [3, 4], sym: 5, 6 => :integer_key}]
[3, {before: 1, "s" => 2, after: 3}]
[3, {"s" => 2, sym: 3}]
[4, 9, {"known" => 10, "extra" => [11]}]
[4, 7, {"known" => 10, "extra" => [11]}]
[5, {}]
[5, {}]
[6, {}]
[6, {}]
[7, {only: :symbol}]
[7, {only: :symbol}]
[8, {"literal" => 1}]
[8, {"literal" => 1}]
[9, {"proc" => 2}]
[9, {"proc" => 2}]
[10, {"forwarded" => 12}]
[11, {"forwarded" => 13}]
{"s" => [3, 4], sym: 5, 6 => :integer_key}
[{"arg" => 1}, {"kw" => 1}]
"c012"
