"ab"
"ab"
"HI"
"HI"
"Ab"
"Ab"
"heLL0 worLd"
"heLL0 worLd"
"cbA"
"cbA"
"aab"
"aab"
"c"
"c"
"aBC"
"aBC"
"HEllO"
"HEllO"
"x y!"
"x y!"
"ABc"
"ABc"
"zz"
"zz"
"A-B"
"A-B"
"hello"
"hI"
"hI"
"CBA"
"CBA"
"qq"
"A-B"
"A-B"
nil
"ab"
"undefined method 'downcase!' for nil"
"AB"
"undefined method 'upcase!' for nil"
"undefined method 'gsub!' for nil"
"ab"
"ab"
nil
"Ab"
"V1"
"W2"
2
