center 2^40: NoMemoryError: failed to allocate memory
ljust max: ArgumentError: argument too big
rjust 2^40: NoMemoryError: failed to allocate memory
center pad 2^62: NoMemoryError: failed to allocate memory
ljust multibyte pad: NoMemoryError: failed to allocate memory
rjust pad 2^40: NoMemoryError: failed to allocate memory
empty pad: ArgumentError: zero width padding
***ab***
abééé
   ab
"ab"
still running
