#<Encoding:UTF-8>
#<Encoding:BINARY (ASCII-8BIT)>
#<Encoding:BINARY (ASCII-8BIT)>
#<Encoding:UTF-8>
#<Encoding:BINARY (ASCII-8BIT)>
#<Encoding:BINARY (ASCII-8BIT)>
#<Encoding:UTF-8>
#<Encoding:UTF-8>
#<Encoding:UTF-8>
#<Encoding:BINARY (ASCII-8BIT)>
#<Encoding:BINARY (ASCII-8BIT)>
#<Encoding:UTF-8>
#<Encoding:UTF-8>
#<Encoding:BINARY (ASCII-8BIT)>
#<Encoding:UTF-8>
#<Encoding:BINARY (ASCII-8BIT)>
#<Encoding:UTF-8>
#<Encoding:BINARY (ASCII-8BIT)>
#<Encoding:BINARY (ASCII-8BIT)>
#<Encoding:UTF-8>
#<Encoding:BINARY (ASCII-8BIT)>
