[ArgumentError, "X outside of string"]
[ArgumentError, "x outside of string"]
[ArgumentError, "unknown unpack directive '\\x00' in 'H\\0H'"]
[ArgumentError, "unknown unpack directive '\\x00' in 'b\\0b'"]
[ArgumentError, "unknown unpack directive '\\x00' in 'w\\0w'"]
[ArgumentError, "unknown unpack directive '\\x00' in 'C\\0C'"]
[ArgumentError, "X outside of string"]
[ArgumentError, "X outside of string"]
[ArgumentError, "x outside of string"]
[97, 99]
[ArgumentError, "unknown unpack directive 'y' in 'Cy'"]
[ArgumentError, "x outside of string"]
[ArgumentError, "@ outside of string"]
[ArgumentError, "X outside of string"]
[1, 4294967294]
[1, 4294967294]
[2, 18446744073709551615]
[16777216]
[1, 0]
[1, 0, 0, 0]
[nil]
[nil]
[ArgumentError, "no associated pointer"]
nil
[]
[ArgumentError, "x outside of string"]
[ArgumentError, "X outside of string"]
[]
[97]
[1, 2]
[ArgumentError, "unknown unpack directive '\\x00' in 'a\\0'"]
[ArgumentError, "unknown unpack directive '\\x01' in 'C\\u0001C'"]
[ArgumentError, "unknown unpack directive '\\x7f' in 'C\\c?C'"]
[ArgumentError, "unknown unpack directive '\\x1b' in 'C\\eC\\ty'"]
[ArgumentError, "unknown unpack directive '\\xc3' in 'Cé'"]
[ArgumentError, "unknown unpack directive '\\xff' in 'C\\xFFC'"]
