can't modify frozen String: "hello"
can't modify frozen String: "hello"
can't modify frozen String: "hello"
can't modify frozen String: "hello"
can't modify frozen String: "hello"
can't modify frozen String: "hello"
can't modify frozen String: "hello"
can't modify frozen String: "hello"
can't modify frozen String: "hello"
can't modify frozen String: "hello"
"hello"
"o rl"
"f"
"e"
"a"
"b"
"cd"
