"a"
"bc"
"b"
"ac"
"ac"
"c"
"ab"
nil
"abc"
nil
"abc"
nil
"abc"
"abc"
"é"
"ab"
"ab"
"bc"
"ad"
"ad"
"bc"
"ad"
"ad"
"b"
"bc"
"bc"
"b"
"bc"
"bc"
"aXbcd"
"aXbcd"
20
20
[10, 30]
[10, 99, 30]
[10, 99, 30]
"b"
"acd"
"acd"
"bc"
"ad"
"ad"
nil
"abcd"
"abcd"
"bc"
"ad"
"ad"
"bc"
"ad"
"ad"
"bc"
"ad"
"ad"
""
"abcd"
"abcd"
nil
"abcd"
"abcd"
"ab"
"cd"
"cd"
"b"
1
"acd"
"bc"
1
"ad"
"bc"
1
"ad"
TypeError
1
"abcd"
