["UTC", [0, true, "UTC"]]
["utc", [0, true, "UTC"]]
["Z", [0, true, "UTC"]]
["-00:00", [0, true, "UTC"]]
["-0000", [0, true, "UTC"]]
["-00", [0, true, "UTC"]]
["+00:00", [0, false, nil]]
["+09", [32400, false, nil]]
["+0900", [32400, false, nil]]
["+090000", [32400, false, nil]]
["+09:00:00", [32400, false, nil]]
["+23:59:59", [86399, false, nil]]
["-23:59:59", [-86399, false, nil]]
["A", [3600, false, nil]]
["I", [32400, false, nil]]
["K", [36000, false, nil]]
["M", [43200, false, nil]]
["N", [-3600, false, nil]]
["Y", [-43200, false, nil]]
["+09:99", [ArgumentError, "\"+HH:MM\", \"-HH:MM\", \"UTC\" or \"A\"..\"I\",\"K\"..\"Z\" expected for utc_offset: +09:99"]]
["+09:60", [ArgumentError, "\"+HH:MM\", \"-HH:MM\", \"UTC\" or \"A\"..\"I\",\"K\"..\"Z\" expected for utc_offset: +09:60"]]
["+23:59:60", [ArgumentError, "\"+HH:MM\", \"-HH:MM\", \"UTC\" or \"A\"..\"I\",\"K\"..\"Z\" expected for utc_offset: +23:59:60"]]
["+24:00", [ArgumentError, "utc_offset out of range"]]
["+2400", [ArgumentError, "utc_offset out of range"]]
["+99", [ArgumentError, "utc_offset out of range"]]
["-24:00", [ArgumentError, "utc_offset out of range"]]
["J", [ArgumentError, "\"+HH:MM\", \"-HH:MM\", \"UTC\" or \"A\"..\"I\",\"K\"..\"Z\" expected for utc_offset: J"]]
["GMT", [ArgumentError, "\"+HH:MM\", \"-HH:MM\", \"UTC\" or \"A\"..\"I\",\"K\"..\"Z\" expected for utc_offset: GMT"]]
["z", [ArgumentError, "\"+HH:MM\", \"-HH:MM\", \"UTC\" or \"A\"..\"I\",\"K\"..\"Z\" expected for utc_offset: z"]]
["a", [ArgumentError, "\"+HH:MM\", \"-HH:MM\", \"UTC\" or \"A\"..\"I\",\"K\"..\"Z\" expected for utc_offset: a"]]
["+9", [ArgumentError, "\"+HH:MM\", \"-HH:MM\", \"UTC\" or \"A\"..\"I\",\"K\"..\"Z\" expected for utc_offset: +9"]]
["+09:0", [ArgumentError, "\"+HH:MM\", \"-HH:MM\", \"UTC\" or \"A\"..\"I\",\"K\"..\"Z\" expected for utc_offset: +09:0"]]
["+0900:00", [ArgumentError, "\"+HH:MM\", \"-HH:MM\", \"UTC\" or \"A\"..\"I\",\"K\"..\"Z\" expected for utc_offset: +0900:00"]]
["09:00", [ArgumentError, "\"+HH:MM\", \"-HH:MM\", \"UTC\" or \"A\"..\"I\",\"K\"..\"Z\" expected for utc_offset: 09:00"]]
[3600, [3600, false, nil]]
[-3600, [-3600, false, nil]]
[86399, [86399, false, nil]]
[86400, [ArgumentError, "utc_offset out of range"]]
[-86400, [ArgumentError, "utc_offset out of range"]]
[(3600/1), [3600, false, nil]]
[7200.0, [7200, false, nil]]
[-1800.0, [-1800, false, nil]]
[:x, [TypeError, "can't convert Symbol into an exact number"]]
["+05:30", [19800, false, nil]]
[3600, [3600, false, nil]]
[nil, :local]
[2.0, [2, false, nil]]
["UTC", [0, true, "UTC"], [0, true, "UTC"]]
["Z", [0, true, "UTC"], [0, true, "UTC"]]
["-00:00", [0, true, "UTC"], [0, true, "UTC"]]
["+00:00", [0, false, nil], [0, false, nil]]
["A", [3600, false, nil], [3600, false, nil]]
["+0900", [32400, false, nil], [32400, false, nil]]
["+09:99", [ArgumentError, "\"+HH:MM\", \"-HH:MM\", \"UTC\" or \"A\"..\"I\",\"K\"..\"Z\" expected for utc_offset: +09:99"], [ArgumentError, "\"+HH:MM\", \"-HH:MM\", \"UTC\" or \"A\"..\"I\",\"K\"..\"Z\" expected for utc_offset: +09:99"]]
["+24:00", [ArgumentError, "utc_offset out of range"], [ArgumentError, "utc_offset out of range"]]
["J", [ArgumentError, "\"+HH:MM\", \"-HH:MM\", \"UTC\" or \"A\"..\"I\",\"K\"..\"Z\" expected for utc_offset: J"], [ArgumentError, "\"+HH:MM\", \"-HH:MM\", \"UTC\" or \"A\"..\"I\",\"K\"..\"Z\" expected for utc_offset: J"]]
["GMT", [ArgumentError, "\"+HH:MM\", \"-HH:MM\", \"UTC\" or \"A\"..\"I\",\"K\"..\"Z\" expected for utc_offset: GMT"], [ArgumentError, "\"+HH:MM\", \"-HH:MM\", \"UTC\" or \"A\"..\"I\",\"K\"..\"Z\" expected for utc_offset: GMT"]]
[3600, [3600, false, nil], [3600, false, nil]]
[86400, [ArgumentError, "utc_offset out of range"], [ArgumentError, "utc_offset out of range"]]
[-86400, [ArgumentError, "utc_offset out of range"], [ArgumentError, "utc_offset out of range"]]
[(3600/1), [3600, false, nil], [3600, false, nil]]
true
"UTC"
true
36000
3600
"\"+HH:MM\", \"-HH:MM\", \"UTC\" or \"A\"..\"I\",\"K\"..\"Z\" expected for utc_offset: +09:99"
true
["UTC", [946684800, 0, true]]
["-00:00", [946684800, 0, true]]
["A", [946681200, 3600, false]]
["+09:99", [ArgumentError, "\"+HH:MM\", \"-HH:MM\", \"UTC\" or \"A\"..\"I\",\"K\"..\"Z\" expected for utc_offset: +09:99"]]
["+24:00", [ArgumentError, "utc_offset out of range"]]
["J", [ArgumentError, "\"+HH:MM\", \"-HH:MM\", \"UTC\" or \"A\"..\"I\",\"K\"..\"Z\" expected for utc_offset: J"]]
[3600, [946681200, 3600, false]]
[(3600/1), [946681200, 3600, false]]
[7200, [946677600, 7200, false]]
[:x, [TypeError, "can't convert Symbol into an exact number"]]
true
"\"+HH:MM\", \"-HH:MM\", \"UTC\" or \"A\"..\"I\",\"K\"..\"Z\" expected for utc_offset: +09:99"
true
[2000, 1, 1, 0, 0, 0, "+01:00"]
