const LIMIT: scalar ty=int
const Pt: none ty=unknown
gvar $log: ptr ty=str_array
ivar Buf @hits: sentinel ty=int may_nil
ivar Buf @s: strbuf ty=strbuf handle
ivar Pt @x: sentinel ty=int may_nil
ivar Pt @y: sentinel ty=int may_nil
local <main> buf: ptr ty=obj:Buf
local <main> mixed: boxed ty=poly
local <main> range: struct ty=range
local Buf#peek t: strbuf ty=strbuf handle
local Pt#__enum_to_a __enum_acc: ptr ty=int_array
local Pt#__enum_to_a __enum_e: scalar ty=int
param Buf#initialize n: scalar ty=int
param find a: ptr ty=int_array
param find x: scalar ty=int
ret Buf#initialize: scalar ty=int
ret Buf#peek: sentinel ty=int may_nil
ret Pt#__enum_to_a: ptr ty=int_array
ret Pt#each: ptr ty=obj:Pt
ret find: boxed ty=poly
repr_diff (--dump-repr): 0 slots became String buffers (strbuf), 0 became boxed, 0 left a by-value layout, 0 other changes, in 0 of 1 programs
