== test/array_op_assign_reads_slot_first.rb [promote] rc=1
spinel: test/array_op_assign_reads_slot_first.rb:64: the operand of an `op=` given a Array, which no conversion keeps in its sp_IntArray * slot
spinel: test/array_op_assign_reads_slot_first.rb:88: the operand of an `op=` given a Array, which no conversion keeps in its sp_IntArray * slot
spinel: test/array_op_assign_reads_slot_first.rb:14: the operand of an `op=` given a Array, which no conversion keeps in its sp_IntArray * slot
spinel: 3 refusals, nothing written
== test/array_push_stmt_operand_order.rb [promote] rc=1
spinel: test/array_push_stmt_operand_order.rb:132: an attribute writer given a Array, which no conversion keeps in its sp_PolyArray * slot
spinel: 1 refusal, nothing written
== test/cvar_gc_root.rb [promote] rc=1
spinel: test/cvar_gc_root.rb:8: the operand of an `op=` given a Array, which no conversion keeps in its sp_IntArray * slot
spinel: 1 refusal, nothing written
== test/cvar_gvar_array_op_assign_value.rb [promote] rc=1
spinel: test/cvar_gvar_array_op_assign_value.rb:10: the operand of an `op=` given a Array, which no conversion keeps in its sp_IntArray * slot
spinel: test/cvar_gvar_array_op_assign_value.rb:12: the operand of an `op=` given a Array, which no conversion keeps in its sp_IntArray * slot
spinel: test/cvar_gvar_array_op_assign_value.rb:22: the operand of an `op=` given a Array, which no conversion keeps in its sp_IntArray * slot
spinel: test/cvar_gvar_array_op_assign_value.rb:24: the operand of an `op=` given a Array, which no conversion keeps in its sp_IntArray * slot
spinel: test/cvar_gvar_array_op_assign_value.rb:32: the operand of an `op=` given a Array, which no conversion keeps in its sp_IntArray * slot
spinel: test/cvar_gvar_array_op_assign_value.rb:35: the operand of an `op=` given a Array, which no conversion keeps in its sp_IntArray * slot
spinel: 6 refusals, nothing written
== test/frozen_hash_shift_default_guard.rb [promote] rc=1
spinel: test/frozen_hash_shift_default_guard.rb:71: a Hash default given a value of any class, which no conversion keeps in its sp_int slot
spinel: 1 refusal, nothing written
== test/ivar_array_op_assign.rb [promote] rc=1
spinel: test/ivar_array_op_assign.rb:8: the operand of an `op=` given a Array, which no conversion keeps in its sp_IntArray * slot
spinel: 1 refusal, nothing written
== test/poly_dispatch_default_reads_param.rb [promote] rc=1
spinel: test/poly_dispatch_default_reads_param.rb:25: a parameter default given a Array, which no conversion keeps in its sp_IntArray * slot
spinel: 1 refusal, nothing written
== test/time_operator_assignment.rb [promote] rc=1
spinel: test/time_operator_assignment.rb:15: the operand of an `op=` given a value of any class, which no conversion keeps in its sp_Time slot
spinel: 1 refusal, nothing written
